Archive member included because of file (symbol)

/opt/Freescale/KDS_v3/toolchain/bin/../lib/gcc/arm-none-eabi/4.8.4/armv6-m/libgcc.a(_udivsi3.o)
                              ./Generated_Code/UTIL1.o (__aeabi_uidiv)
/opt/Freescale/KDS_v3/toolchain/bin/../lib/gcc/arm-none-eabi/4.8.4/armv6-m/libgcc.a(_divsi3.o)
                              ./Generated_Code/UTIL1.o (__aeabi_idiv)
/opt/Freescale/KDS_v3/toolchain/bin/../lib/gcc/arm-none-eabi/4.8.4/armv6-m/libgcc.a(_dvmd_tls.o)
                              /opt/Freescale/KDS_v3/toolchain/bin/../lib/gcc/arm-none-eabi/4.8.4/armv6-m/libgcc.a(_udivsi3.o) (__aeabi_idiv0)
/opt/Freescale/KDS_v3/toolchain/bin/../lib/gcc/arm-none-eabi/4.8.4/armv6-m/libgcc.a(_arm_cmpsf2.o)
                              ./Generated_Code/UTIL1.o (__aeabi_fcmplt)
/opt/Freescale/KDS_v3/toolchain/bin/../lib/gcc/arm-none-eabi/4.8.4/armv6-m/libgcc.a(_aeabi_ldivmod.o)
                              ./Generated_Code/UTIL1.o (__aeabi_ldivmod)
/opt/Freescale/KDS_v3/toolchain/bin/../lib/gcc/arm-none-eabi/4.8.4/armv6-m/libgcc.a(_muldi3.o)
                              ./Generated_Code/UTIL1.o (__aeabi_lmul)
/opt/Freescale/KDS_v3/toolchain/bin/../lib/gcc/arm-none-eabi/4.8.4/armv6-m/libgcc.a(_fixunssfsi.o)
                              ./Generated_Code/UTIL1.o (__aeabi_f2uiz)
/opt/Freescale/KDS_v3/toolchain/bin/../lib/gcc/arm-none-eabi/4.8.4/armv6-m/libgcc.a(bpabi.o)
                              /opt/Freescale/KDS_v3/toolchain/bin/../lib/gcc/arm-none-eabi/4.8.4/armv6-m/libgcc.a(_aeabi_ldivmod.o) (__gnu_ldivmod_helper)
/opt/Freescale/KDS_v3/toolchain/bin/../lib/gcc/arm-none-eabi/4.8.4/armv6-m/libgcc.a(eqsf2.o)
                              /opt/Freescale/KDS_v3/toolchain/bin/../lib/gcc/arm-none-eabi/4.8.4/armv6-m/libgcc.a(_arm_cmpsf2.o) (__eqsf2)
/opt/Freescale/KDS_v3/toolchain/bin/../lib/gcc/arm-none-eabi/4.8.4/armv6-m/libgcc.a(gesf2.o)
                              /opt/Freescale/KDS_v3/toolchain/bin/../lib/gcc/arm-none-eabi/4.8.4/armv6-m/libgcc.a(_arm_cmpsf2.o) (__gesf2)
/opt/Freescale/KDS_v3/toolchain/bin/../lib/gcc/arm-none-eabi/4.8.4/armv6-m/libgcc.a(lesf2.o)
                              /opt/Freescale/KDS_v3/toolchain/bin/../lib/gcc/arm-none-eabi/4.8.4/armv6-m/libgcc.a(_arm_cmpsf2.o) (__lesf2)
/opt/Freescale/KDS_v3/toolchain/bin/../lib/gcc/arm-none-eabi/4.8.4/armv6-m/libgcc.a(mulsf3.o)
                              ./Generated_Code/UTIL1.o (__aeabi_fmul)
/opt/Freescale/KDS_v3/toolchain/bin/../lib/gcc/arm-none-eabi/4.8.4/armv6-m/libgcc.a(subsf3.o)
                              ./Generated_Code/UTIL1.o (__aeabi_fsub)
/opt/Freescale/KDS_v3/toolchain/bin/../lib/gcc/arm-none-eabi/4.8.4/armv6-m/libgcc.a(fixsfsi.o)
                              ./Generated_Code/UTIL1.o (__aeabi_f2iz)
/opt/Freescale/KDS_v3/toolchain/bin/../lib/gcc/arm-none-eabi/4.8.4/armv6-m/libgcc.a(floatunsisf.o)
                              ./Generated_Code/UTIL1.o (__aeabi_ui2f)
/opt/Freescale/KDS_v3/toolchain/bin/../lib/gcc/arm-none-eabi/4.8.4/armv6-m/libgcc.a(_clzsi2.o)
                              /opt/Freescale/KDS_v3/toolchain/bin/../lib/gcc/arm-none-eabi/4.8.4/armv6-m/libgcc.a(mulsf3.o) (__clzsi2)
/opt/Freescale/KDS_v3/toolchain/bin/../lib/gcc/arm-none-eabi/4.8.4/armv6-m/libgcc.a(_divdi3.o)
                              /opt/Freescale/KDS_v3/toolchain/bin/../lib/gcc/arm-none-eabi/4.8.4/armv6-m/libgcc.a(bpabi.o) (__divdi3)
/opt/Freescale/KDS_v3/toolchain/bin/../lib/gcc/arm-none-eabi/4.8.4/armv6-m/libgcc.a(_udivdi3.o)
                              /opt/Freescale/KDS_v3/toolchain/bin/../lib/gcc/arm-none-eabi/4.8.4/armv6-m/libgcc.a(bpabi.o) (__udivdi3)
/opt/Freescale/KDS_v3/toolchain/bin/../lib/gcc/arm-none-eabi/4.8.4/../../../../arm-none-eabi/lib/armv6-m/libg_s.a(lib_a-exit.o)
                              /opt/Freescale/KDS_v3/toolchain/bin/../lib/gcc/arm-none-eabi/4.8.4/../../../../arm-none-eabi/lib/armv6-m/crt0.o (exit)
/opt/Freescale/KDS_v3/toolchain/bin/../lib/gcc/arm-none-eabi/4.8.4/../../../../arm-none-eabi/lib/armv6-m/libg_s.a(lib_a-impure.o)
                              /opt/Freescale/KDS_v3/toolchain/bin/../lib/gcc/arm-none-eabi/4.8.4/../../../../arm-none-eabi/lib/armv6-m/libg_s.a(lib_a-exit.o) (_global_impure_ptr)
/opt/Freescale/KDS_v3/toolchain/bin/../lib/gcc/arm-none-eabi/4.8.4/../../../../arm-none-eabi/lib/armv6-m/libg_s.a(lib_a-init.o)
                              /opt/Freescale/KDS_v3/toolchain/bin/../lib/gcc/arm-none-eabi/4.8.4/../../../../arm-none-eabi/lib/armv6-m/crt0.o (__libc_init_array)
/opt/Freescale/KDS_v3/toolchain/bin/../lib/gcc/arm-none-eabi/4.8.4/../../../../arm-none-eabi/lib/armv6-m/libg_s.a(lib_a-memcpy-stub.o)
                              ./Generated_Code/queue.o (memcpy)
/opt/Freescale/KDS_v3/toolchain/bin/../lib/gcc/arm-none-eabi/4.8.4/../../../../arm-none-eabi/lib/armv6-m/libg_s.a(lib_a-memset.o)
                              /opt/Freescale/KDS_v3/toolchain/bin/../lib/gcc/arm-none-eabi/4.8.4/../../../../arm-none-eabi/lib/armv6-m/crt0.o (memset)
[...]
Memory Configuration

Name             Origin             Length             Attributes
m_interrupts     0x00000000         0x000000c0         xr
m_text           0x00000410         0x00037bf0         xr
m_data           0x1fffe000         0x00008000         rw
NVM_Config       0x00038000         0x00008000         xrw
m_cfmprotrom     0x00000400         0x00000010         xr
*default*        0x00000000         0xffffffff

Linker script and memory map

LOAD /opt/Freescale/KDS_v3/toolchain/bin/../lib/gcc/arm-none-eabi/4.8.4/armv6-m/crti.o
LOAD /opt/Freescale/KDS_v3/toolchain/bin/../lib/gcc/arm-none-eabi/4.8.4/armv6-m/crtbegin.o
LOAD /opt/Freescale/KDS_v3/toolchain/bin/../lib/gcc/arm-none-eabi/4.8.4/../../../../arm-none-eabi/lib/armv6-m/crt0.o
LOAD ./Sources/Events.o
LOAD ./Sources/frtos_tasks.o
LOAD ./Sources/main.o
LOAD ./Project_Settings/Startup_Code/startup.o
LOAD ./Generated_Code/BitIoLdd1.o
LOAD ./Generated_Code/BitIoLdd2.o
LOAD ./Generated_Code/Cpu.o
LOAD ./Generated_Code/FRTOS1.o
LOAD ./Generated_Code/LED_GREEN.o
LOAD ./Generated_Code/LED_RED.o
LOAD ./Generated_Code/LEDpin1.o
LOAD ./Generated_Code/LEDpin2.o
LOAD ./Generated_Code/MCUC1.o
LOAD ./Generated_Code/PE_LDD.o
LOAD ./Generated_Code/TSK1.o
LOAD ./Generated_Code/UTIL1.o
LOAD ./Generated_Code/Vectors.o
LOAD ./Generated_Code/croutine.o
LOAD ./Generated_Code/event_groups.o
LOAD ./Generated_Code/heap_1.o
LOAD ./Generated_Code/heap_2.o
LOAD ./Generated_Code/heap_3.o
LOAD ./Generated_Code/heap_4.o
LOAD ./Generated_Code/heap_5.o
LOAD ./Generated_Code/heap_useNewlib.o
LOAD ./Generated_Code/list.o
LOAD ./Generated_Code/mpu_wrappers.o
LOAD ./Generated_Code/port.o
LOAD ./Generated_Code/queue.o
LOAD ./Generated_Code/tasks.o
LOAD ./Generated_Code/timers.o
LOAD /opt/Freescale/KDS_v3/toolchain/bin/../lib/gcc/arm-none-eabi/4.8.4/../../../../arm-none-eabi/lib/armv6-m/libstdc++_s.a
LOAD /opt/Freescale/KDS_v3/toolchain/bin/../lib/gcc/arm-none-eabi/4.8.4/../../../../arm-none-eabi/lib/armv6-m/libm.a
START GROUP
LOAD /opt/Freescale/KDS_v3/toolchain/bin/../lib/gcc/arm-none-eabi/4.8.4/armv6-m/libgcc.a
LOAD /opt/Freescale/KDS_v3/toolchain/bin/../lib/gcc/arm-none-eabi/4.8.4/../../../../arm-none-eabi/lib/armv6-m/libg_s.a
LOAD /opt/Freescale/KDS_v3/toolchain/bin/../lib/gcc/arm-none-eabi/4.8.4/../../../../arm-none-eabi/lib/armv6-m/libc_s.a
END GROUP
START GROUP
LOAD /opt/Freescale/KDS_v3/toolchain/bin/../lib/gcc/arm-none-eabi/4.8.4/armv6-m/libgcc.a
LOAD /opt/Freescale/KDS_v3/toolchain/bin/../lib/gcc/arm-none-eabi/4.8.4/../../../../arm-none-eabi/lib/armv6-m/libc_s.a
LOAD /opt/Freescale/KDS_v3/toolchain/bin/../lib/gcc/arm-none-eabi/4.8.4/../../../../arm-none-eabi/lib/armv6-m/libnosys.a
END GROUP
START GROUP
LOAD /opt/Freescale/KDS_v3/toolchain/bin/../lib/gcc/arm-none-eabi/4.8.4/armv6-m/libgcc.a
LOAD /opt/Freescale/KDS_v3/toolchain/bin/../lib/gcc/arm-none-eabi/4.8.4/../../../../arm-none-eabi/lib/armv6-m/libc_s.a
LOAD /opt/Freescale/KDS_v3/toolchain/bin/../lib/gcc/arm-none-eabi/4.8.4/../../../../arm-none-eabi/lib/armv6-m/libnosys.a
END GROUP
LOAD /opt/Freescale/KDS_v3/toolchain/bin/../lib/gcc/arm-none-eabi/4.8.4/armv6-m/crtend.o
LOAD /opt/Freescale/KDS_v3/toolchain/bin/../lib/gcc/arm-none-eabi/4.8.4/armv6-m/crtn.o
                0x20006000                _estack = 0x20006000
                0x20006000                __SP_INIT = _estack
                0x20006000                __stack = _estack
                0x00000000                __heap_size = 0x0
                0x00000400                __stack_size = 0x400

.interrupts     0x00000000       0xc0
                0x00000000                __vector_table = .
                0x00000000                . = ALIGN (0x4)
 *(.vectortable)
 .vectortable   0x00000000       0xc0 ./Generated_Code/Vectors.o
                0x00000000                __vect_table
                0x000000c0                . = ALIGN (0x4)

.cfmprotect     0x00000400       0x10
                0x00000400                . = ALIGN (0x4)
 *(.cfmconfig)
 .cfmconfig     0x00000400       0x10 ./Generated_Code/Cpu.o
                0x00000400                _cfm
                0x00000410                . = ALIGN (0x4)

.text           0x00000410     0x1920
                0x00000410                . = ALIGN (0x4)
 *(.text)
 .text          0x00000410       0x60 /opt/Freescale/KDS_v3/toolchain/bin/../lib/gcc/arm-none-eabi/4.8.4/armv6-m/crtbegin.o
 .text          0x00000470       0x78 /opt/Freescale/KDS_v3/toolchain/bin/../lib/gcc/arm-none-eabi/4.8.4/../../../../arm-none-eabi/lib/armv6-m/crt0.o
                0x00000470                _mainCRTStartup
                0x00000470                _start
 *(.text*)
 .text.Cpu_OnNMIINT
                0x000004e8        0x8 ./Sources/Events.o
                0x000004e8                Cpu_OnNMIINT
 .text.FRTOS1_vApplicationStackOverflowHook
                0x000004f0       0x10 ./Sources/Events.o
                0x000004f0                FRTOS1_vApplicationStackOverflowHook
 .text.FRTOS1_vApplicationTickHook
                0x00000500        0x8 ./Sources/Events.o
                0x00000500                FRTOS1_vApplicationTickHook
 .text.FRTOS1_vApplicationIdleHook
                0x00000508        0x8 ./Sources/Events.o
                0x00000508                FRTOS1_vApplicationIdleHook
 .text.FRTOS1_vApplicationMallocFailedHook
                0x00000510        0x8 ./Sources/Events.o
                0x00000510                FRTOS1_vApplicationMallocFailedHook
 .text.HMITaskTask
                0x00000518       0x44 ./Sources/frtos_tasks.o
 .text.CreateTasks
                0x0000055c       0x38 ./Sources/frtos_tasks.o
                0x0000055c                CreateTasks
 .text.main     0x00000594       0x10 ./Sources/main.o
                0x00000594                main
 .text.__copy_rom_section
                0x000005a4       0xd8 ./Project_Settings/Startup_Code/startup.o
                0x000005a4                __copy_rom_section
 .text.__copy_rom_sections_to_ram
                0x0000067c       0x98 ./Project_Settings/Startup_Code/startup.o
                0x0000067c                __copy_rom_sections_to_ram
 .text.__init_registers
                0x00000714        0x8 ./Project_Settings/Startup_Code/startup.o
                0x00000714                __init_registers
 .text.__init_user
                0x0000071c        0x8 ./Project_Settings/Startup_Code/startup.o
                0x0000071c                __init_user
 .text.__thumb_startup
                0x00000724       0x30 ./Project_Settings/Startup_Code/startup.o
                0x00000724                __thumb_startup
 .text.BitIoLdd1_Init
                0x00000754       0x60 ./Generated_Code/BitIoLdd1.o
                0x00000754                BitIoLdd1_Init
 .text.BitIoLdd1_ClrVal
                0x000007b4       0x18 ./Generated_Code/BitIoLdd1.o
                0x000007b4                BitIoLdd1_ClrVal
 .text.BitIoLdd1_SetVal
                0x000007cc       0x18 ./Generated_Code/BitIoLdd1.o
                0x000007cc                BitIoLdd1_SetVal
 .text.BitIoLdd2_Init
                0x000007e4       0x68 ./Generated_Code/BitIoLdd2.o
                0x000007e4                BitIoLdd2_Init
 .text.BitIoLdd2_ClrVal
                0x0000084c       0x1c ./Generated_Code/BitIoLdd2.o
                0x0000084c                BitIoLdd2_ClrVal
 .text.BitIoLdd2_SetVal
                0x00000868       0x1c ./Generated_Code/BitIoLdd2.o
                0x00000868                BitIoLdd2_SetVal
 .text.Cpu_INT_NMIInterrupt
                0x00000884        0xc ./Generated_Code/Cpu.o
                0x00000884                Cpu_INT_NMIInterrupt
 .text.Cpu_ivINT_Hard_Fault
                0x00000890        0xc ./Generated_Code/Cpu.o
                0x00000890                Cpu_ivINT_Hard_Fault
 .text.Cpu_ivINT_Reserved4
                0x0000089c        0xc ./Generated_Code/Cpu.o
                0x0000089c                Cpu_ivINT_Reserved4
 .text.Cpu_ivINT_Reserved5
                0x000008a8        0xc ./Generated_Code/Cpu.o
                0x000008a8                Cpu_ivINT_Reserved5
 .text.Cpu_ivINT_Reserved6
                0x000008b4        0xc ./Generated_Code/Cpu.o
                0x000008b4                Cpu_ivINT_Reserved6
 .text.Cpu_ivINT_Reserved7
                0x000008c0        0xc ./Generated_Code/Cpu.o
                0x000008c0                Cpu_ivINT_Reserved7
 .text.Cpu_ivINT_Reserved8
                0x000008cc        0xc ./Generated_Code/Cpu.o
                0x000008cc                Cpu_ivINT_Reserved8
 .text.Cpu_ivINT_Reserved9
                0x000008d8        0xc ./Generated_Code/Cpu.o
                0x000008d8                Cpu_ivINT_Reserved9
 .text.Cpu_ivINT_Reserved10
                0x000008e4        0xc ./Generated_Code/Cpu.o
                0x000008e4                Cpu_ivINT_Reserved10
 .text.Cpu_ivINT_Reserved12
                0x000008f0        0xc ./Generated_Code/Cpu.o
                0x000008f0                Cpu_ivINT_Reserved12
 .text.Cpu_ivINT_Reserved13
                0x000008fc        0xc ./Generated_Code/Cpu.o
                0x000008fc                Cpu_ivINT_Reserved13
 .text.Cpu_ivINT_DMA0
                0x00000908        0xc ./Generated_Code/Cpu.o
                0x00000908                Cpu_ivINT_DMA0
 .text.Cpu_ivINT_DMA1
                0x00000914        0xc ./Generated_Code/Cpu.o
                0x00000914                Cpu_ivINT_DMA1
 .text.Cpu_ivINT_DMA2
                0x00000920        0xc ./Generated_Code/Cpu.o
                0x00000920                Cpu_ivINT_DMA2
 .text.Cpu_ivINT_DMA3
                0x0000092c        0xc ./Generated_Code/Cpu.o
                0x0000092c                Cpu_ivINT_DMA3
 .text.Cpu_ivINT_Reserved20
                0x00000938        0xc ./Generated_Code/Cpu.o
                0x00000938                Cpu_ivINT_Reserved20
 .text.Cpu_ivINT_FTFA
                0x00000944        0xc ./Generated_Code/Cpu.o
                0x00000944                Cpu_ivINT_FTFA
 .text.Cpu_ivINT_LVD_LVW
                0x00000950        0xc ./Generated_Code/Cpu.o
                0x00000950                Cpu_ivINT_LVD_LVW
 .text.Cpu_ivINT_LLW
                0x0000095c        0xc ./Generated_Code/Cpu.o
                0x0000095c                Cpu_ivINT_LLW
 .text.Cpu_ivINT_I2C0
                0x00000968        0xc ./Generated_Code/Cpu.o
                0x00000968                Cpu_ivINT_I2C0
 .text.Cpu_ivINT_I2C1
                0x00000974        0xc ./Generated_Code/Cpu.o
                0x00000974                Cpu_ivINT_I2C1
 .text.Cpu_ivINT_SPI0
                0x00000980        0xc ./Generated_Code/Cpu.o
                0x00000980                Cpu_ivINT_SPI0
 .text.Cpu_ivINT_SPI1
                0x0000098c        0xc ./Generated_Code/Cpu.o
                0x0000098c                Cpu_ivINT_SPI1
 .text.Cpu_ivINT_UART0
                0x00000998        0xc ./Generated_Code/Cpu.o
                0x00000998                Cpu_ivINT_UART0
 .text.Cpu_ivINT_UART1
                0x000009a4        0xc ./Generated_Code/Cpu.o
                0x000009a4                Cpu_ivINT_UART1
 .text.Cpu_ivINT_UART2
                0x000009b0        0xc ./Generated_Code/Cpu.o
                0x000009b0                Cpu_ivINT_UART2
 .text.Cpu_ivINT_ADC0
                0x000009bc        0xc ./Generated_Code/Cpu.o
                0x000009bc                Cpu_ivINT_ADC0
 .text.Cpu_ivINT_CMP0
                0x000009c8        0xc ./Generated_Code/Cpu.o
                0x000009c8                Cpu_ivINT_CMP0
 .text.Cpu_ivINT_TPM0
                0x000009d4        0xc ./Generated_Code/Cpu.o
                0x000009d4                Cpu_ivINT_TPM0
 .text.Cpu_ivINT_TPM1
                0x000009e0        0xc ./Generated_Code/Cpu.o
                0x000009e0                Cpu_ivINT_TPM1
 .text.Cpu_ivINT_TPM2
                0x000009ec        0xc ./Generated_Code/Cpu.o
                0x000009ec                Cpu_ivINT_TPM2
 .text.Cpu_ivINT_RTC
                0x000009f8        0xc ./Generated_Code/Cpu.o
                0x000009f8                Cpu_ivINT_RTC
 .text.Cpu_ivINT_RTC_Seconds
                0x00000a04        0xc ./Generated_Code/Cpu.o
                0x00000a04                Cpu_ivINT_RTC_Seconds
 .text.Cpu_ivINT_PIT
                0x00000a10        0xc ./Generated_Code/Cpu.o
                0x00000a10                Cpu_ivINT_PIT
 .text.Cpu_ivINT_I2S0
                0x00000a1c        0xc ./Generated_Code/Cpu.o
                0x00000a1c                Cpu_ivINT_I2S0
 .text.Cpu_ivINT_USB0
                0x00000a28        0xc ./Generated_Code/Cpu.o
                0x00000a28                Cpu_ivINT_USB0
 .text.Cpu_ivINT_DAC0
                0x00000a34        0xc ./Generated_Code/Cpu.o
                0x00000a34                Cpu_ivINT_DAC0
 .text.Cpu_ivINT_TSI0
                0x00000a40        0xc ./Generated_Code/Cpu.o
                0x00000a40                Cpu_ivINT_TSI0
 .text.Cpu_ivINT_MCG
                0x00000a4c        0xc ./Generated_Code/Cpu.o
                0x00000a4c                Cpu_ivINT_MCG
 .text.Cpu_ivINT_LPTimer
                0x00000a58        0xc ./Generated_Code/Cpu.o
                0x00000a58                Cpu_ivINT_LPTimer
 .text.Cpu_ivINT_LCD
                0x00000a64        0xc ./Generated_Code/Cpu.o
                0x00000a64                Cpu_ivINT_LCD
 .text.Cpu_ivINT_PORTA
                0x00000a70        0xc ./Generated_Code/Cpu.o
                0x00000a70                Cpu_ivINT_PORTA
 .text.Cpu_ivINT_PORTC_PORTD
                0x00000a7c        0xc ./Generated_Code/Cpu.o
                0x00000a7c                Cpu_ivINT_PORTC_PORTD
 .text.__init_hardware
                0x00000a88      0x190 ./Generated_Code/Cpu.o
                0x00000a88                __init_hardware
 .text.PE_low_level_init
                0x00000c18       0xe4 ./Generated_Code/Cpu.o
                0x00000c18                PE_low_level_init
 .text.FRTOS1_Init
                0x00000cfc       0x10 ./Generated_Code/FRTOS1.o
                0x00000cfc                FRTOS1_Init
 .text.LED_GREEN_Init
                0x00000d0c       0x18 ./Generated_Code/LED_GREEN.o
                0x00000d0c                LED_GREEN_Init
 .text.LED_GREEN_SetRatio16
                0x00000d24       0x3c ./Generated_Code/LED_GREEN.o
                0x00000d24                LED_GREEN_SetRatio16
 .text.LED_RED_Init
                0x00000d60       0x18 ./Generated_Code/LED_RED.o
                0x00000d60                LED_RED_Init
 .text.LED_RED_SetRatio16
                0x00000d78       0x3c ./Generated_Code/LED_RED.o
                0x00000d78                LED_RED_SetRatio16
 .text.TSK1_CreateTasks
                0x00000db4        0xc ./Generated_Code/TSK1.o
                0x00000db4                TSK1_CreateTasks
 .text.pvPortMalloc
                0x00000dc0      0x160 ./Generated_Code/heap_4.o
                0x00000dc0                pvPortMalloc
 .text.vPortFree
                0x00000f20       0x94 ./Generated_Code/heap_4.o
                0x00000f20                vPortFree
 .text.prvHeapInit
                0x00000fb4       0xc4 ./Generated_Code/heap_4.o
 .text.prvInsertBlockIntoFreeList
                0x00001078       0xac ./Generated_Code/heap_4.o
 .text.vListInitialise
                0x00001124       0x3c ./Generated_Code/list.o
                0x00001124                vListInitialise
 .text.vListInitialiseItem
                0x00001160       0x14 ./Generated_Code/list.o
                0x00001160                vListInitialiseItem
 .text.vListInsertEnd
                0x00001174       0x44 ./Generated_Code/list.o
                0x00001174                vListInsertEnd
 .text.vListInsert
                0x000011b8       0x6c ./Generated_Code/list.o
                0x000011b8                vListInsert
 .text.uxListRemove
                0x00001224       0x50 ./Generated_Code/list.o
                0x00001224                uxListRemove
 .text.pxPortInitialiseStack
                0x00001274       0x50 ./Generated_Code/port.o
                0x00001274                pxPortInitialiseStack
 .text.vPortInitTickTimer
                0x000012c4       0x44 ./Generated_Code/port.o
                0x000012c4                vPortInitTickTimer
 .text.vPortStartTickTimer
                0x00001308       0x14 ./Generated_Code/port.o
                0x00001308                vPortStartTickTimer
 .text.vPortStopTickTimer
                0x0000131c       0x14 ./Generated_Code/port.o
                0x0000131c                vPortStopTickTimer
 .text.xPortStartScheduler
                0x00001330       0x34 ./Generated_Code/port.o
                0x00001330                xPortStartScheduler
 .text.vPortEnterCritical
                0x00001364       0x20 ./Generated_Code/port.o
                0x00001364                vPortEnterCritical
 .text.vPortExitCritical
                0x00001384       0x20 ./Generated_Code/port.o
                0x00001384                vPortExitCritical
 .text.vPortYieldFromISR
                0x000013a4       0x1c ./Generated_Code/port.o
                0x000013a4                vPortYieldFromISR
 .text.vPortTickHandler
                0x000013c0       0x1c ./Generated_Code/port.o
                0x000013c0                vPortTickHandler
 *fill*         0x000013dc        0x4 
 .text.vPortStartFirstTask
                0x000013e0       0x40 ./Generated_Code/port.o
                0x000013e0                vPortStartFirstTask
 .text.vPortSVCHandler
                0x00001420        0x0 ./Generated_Code/port.o
                0x00001420                vPortSVCHandler
 .text.vPortPendSVHandler
                0x00001420       0x44 ./Generated_Code/port.o
                0x00001420                vPortPendSVHandler
 .text.xTaskCreate
                0x00001464       0x90 ./Generated_Code/tasks.o
                0x00001464                xTaskCreate
 .text.prvInitialiseNewTask
                0x000014f4      0x108 ./Generated_Code/tasks.o
 .text.prvAddNewTaskToReadyList
                0x000015fc       0xc4 ./Generated_Code/tasks.o
 .text.vTaskDelay
                0x000016c0       0x48 ./Generated_Code/tasks.o
                0x000016c0                vTaskDelay
 .text.vTaskStartScheduler
                0x00001708       0x6c ./Generated_Code/tasks.o
                0x00001708                vTaskStartScheduler
 .text.vTaskSuspendAll
                0x00001774       0x18 ./Generated_Code/tasks.o
                0x00001774                vTaskSuspendAll
 .text.xTaskResumeAll
                0x0000178c      0x118 ./Generated_Code/tasks.o
                0x0000178c                xTaskResumeAll
 .text.xTaskIncrementTick
                0x000018a4      0x178 ./Generated_Code/tasks.o
                0x000018a4                xTaskIncrementTick
 .text.vTaskSwitchContext
                0x00001a1c       0xc4 ./Generated_Code/tasks.o
                0x00001a1c                vTaskSwitchContext
 .text.prvIdleTask
                0x00001ae0       0x24 ./Generated_Code/tasks.o
 .text.prvInitialiseTaskLists
                0x00001b04       0x7c ./Generated_Code/tasks.o
 .text.prvCheckTasksWaitingTermination
                0x00001b80        0x8 ./Generated_Code/tasks.o
 .text.prvResetNextTaskUnblockTime
                0x00001b88       0x44 ./Generated_Code/tasks.o
 .text.prvAddCurrentTaskToDelayedList
                0x00001bcc       0xa8 ./Generated_Code/tasks.o
 .text.exit     0x00001c74       0x2c /opt/Freescale/KDS_v3/toolchain/bin/../lib/gcc/arm-none-eabi/4.8.4/../../../../arm-none-eabi/lib/armv6-m/libg_s.a(lib_a-exit.o)
                0x00001c74                exit
 .text.__libc_init_array
                0x00001ca0       0x4c /opt/Freescale/KDS_v3/toolchain/bin/../lib/gcc/arm-none-eabi/4.8.4/../../../../arm-none-eabi/lib/armv6-m/libg_s.a(lib_a-init.o)
                0x00001ca0                __libc_init_array
 .text.memset   0x00001cec       0x10 /opt/Freescale/KDS_v3/toolchain/bin/../lib/gcc/arm-none-eabi/4.8.4/../../../../arm-none-eabi/lib/armv6-m/libg_s.a(lib_a-memset.o)
                0x00001cec                memset
 .text._exit    0x00001cfc        0x4 /opt/Freescale/KDS_v3/toolchain/bin/../lib/gcc/arm-none-eabi/4.8.4/../../../../arm-none-eabi/lib/armv6-m/libnosys.a(_exit.o)
                0x00001cfc                _exit
 *(.rodata)
 .rodata        0x00001d00        0x8 ./Sources/frtos_tasks.o
 .rodata        0x00001d08        0x8 ./Generated_Code/tasks.o
 *(.rodata*)
 .rodata.str1.1
                0x00001d10        0x2 /opt/Freescale/KDS_v3/toolchain/bin/../lib/gcc/arm-none-eabi/4.8.4/../../../../arm-none-eabi/lib/armv6-m/libg_s.a(lib_a-impure.o)
 *fill*         0x00001d12        0x2 
 .rodata._global_impure_ptr
                0x00001d14        0x4 /opt/Freescale/KDS_v3/toolchain/bin/../lib/gcc/arm-none-eabi/4.8.4/../../../../arm-none-eabi/lib/armv6-m/libg_s.a(lib_a-impure.o)
                0x00001d14                _global_impure_ptr
 *(.glue_7)
 .glue_7        0x00000000        0x0 linker stubs
 *(.glue_7t)
 .glue_7t       0x00000000        0x0 linker stubs
 *(.eh_frame)
 .eh_frame      0x00001d18        0x0 /opt/Freescale/KDS_v3/toolchain/bin/../lib/gcc/arm-none-eabi/4.8.4/armv6-m/crtbegin.o
 *(.init)
 .init          0x00001d18        0x4 /opt/Freescale/KDS_v3/toolchain/bin/../lib/gcc/arm-none-eabi/4.8.4/armv6-m/crti.o
                0x00001d18                _init
 .init          0x00001d1c        0x8 /opt/Freescale/KDS_v3/toolchain/bin/../lib/gcc/arm-none-eabi/4.8.4/armv6-m/crtn.o
 *(.fini)
 .fini          0x00001d24        0x4 /opt/Freescale/KDS_v3/toolchain/bin/../lib/gcc/arm-none-eabi/4.8.4/armv6-m/crti.o
                0x00001d24                _fini
 .fini          0x00001d28        0x8 /opt/Freescale/KDS_v3/toolchain/bin/../lib/gcc/arm-none-eabi/4.8.4/armv6-m/crtn.o
                0x00001d30                . = ALIGN (0x4)
                0x00001d30                _etext = .

.vfp11_veneer   0x00001d30        0x0
 .vfp11_veneer  0x00000000        0x0 linker stubs

.v4_bx          0x00001d30        0x0
 .v4_bx         0x00000000        0x0 linker stubs

.iplt           0x00001d30        0x0
 .iplt          0x00000000        0x0 /opt/Freescale/KDS_v3/toolchain/bin/../lib/gcc/arm-none-eabi/4.8.4/armv6-m/crtbegin.o

.ARM.extab
 *(.ARM.extab* .gnu.linkonce.armextab.*)

.ARM            0x00001d30        0x8
                0x00001d30                __exidx_start = .
 *(.ARM.exidx*)
 .ARM.exidx     0x00001d30        0x8 /opt/Freescale/KDS_v3/toolchain/bin/../lib/gcc/arm-none-eabi/4.8.4/../../../../arm-none-eabi/lib/armv6-m/crt0.o
                0x00001d38                __exidx_end = .

.rel.dyn        0x00001d38        0x0
 .rel.iplt      0x00000000        0x0 /opt/Freescale/KDS_v3/toolchain/bin/../lib/gcc/arm-none-eabi/4.8.4/armv6-m/crtbegin.o

.ctors          0x00001d38        0x0
                0x00001d38                __CTOR_LIST__ = .
 *crtbegin.o(.ctors)
 *(EXCLUDE_FILE(*crtend.o) .ctors)
 *(SORT(.ctors.*))
 *(.ctors)
                0x00001d38                __CTOR_END__ = .

.dtors          0x00001d38        0x0
                0x00001d38                __DTOR_LIST__ = .
 *crtbegin.o(.dtors)
 *(EXCLUDE_FILE(*crtend.o) .dtors)
 *(SORT(.dtors.*))
 *(.dtors)
                0x00001d38                __DTOR_END__ = .

.preinit_array  0x00001d38        0x0
                0x00001d38                PROVIDE (__preinit_array_start, .)
 *(.preinit_array*)
                0x00001d38                PROVIDE (__preinit_array_end, .)

.init_array     0x00001d38        0x4
                0x00001d38                PROVIDE (__init_array_start, .)
 *(SORT(.init_array.*))
 *(.init_array*)
 .init_array    0x00001d38        0x4 /opt/Freescale/KDS_v3/toolchain/bin/../lib/gcc/arm-none-eabi/4.8.4/armv6-m/crtbegin.o
                0x00001d3c                PROVIDE (__init_array_end, .)

.fini_array     0x00001d3c        0x4
                0x00001d3c                PROVIDE (__fini_array_start, .)
 *(SORT(.fini_array.*))
 *(.fini_array*)
 .fini_array    0x00001d3c        0x4 /opt/Freescale/KDS_v3/toolchain/bin/../lib/gcc/arm-none-eabi/4.8.4/armv6-m/crtbegin.o
                0x00001d40                PROVIDE (__fini_array_end, .)
                0x00001d40                ___ROM_AT = .

.mtb            0x1fffe000        0x0
                0x1fffe000                . = ALIGN (0x8)
                0x1fffe000                _mtb_start = .
 *(.mtb_buf)
                0x1fffe000                . = ALIGN (0x8)
                0x1fffe000                _mtb_end = .

.data           0x1fffe000       0x68 load address 0x00001d40
                0x1fffe000                . = ALIGN (0x4)
                0x1fffe000                _sdata = .
 *(.data)
 *(.data*)
 .data.xHeapStructSize
                0x1fffe000        0x4 ./Generated_Code/heap_4.o
 .data.uxCriticalNesting
                0x1fffe004        0x4 ./Generated_Code/port.o
 .data.impure_data
                0x1fffe008       0x60 /opt/Freescale/KDS_v3/toolchain/bin/../lib/gcc/arm-none-eabi/4.8.4/../../../../arm-none-eabi/lib/armv6-m/libg_s.a(lib_a-impure.o)
                0x1fffe068                . = ALIGN (0x4)
                0x1fffe068                _edata = .
                0x00000068                ___data_size = (_edata - _sdata)

.jcr            0x1fffe068        0x0 load address 0x00001da8
 .jcr           0x1fffe068        0x0 /opt/Freescale/KDS_v3/toolchain/bin/../lib/gcc/arm-none-eabi/4.8.4/armv6-m/crtbegin.o

.igot.plt       0x1fffe068        0x0 load address 0x00001da8
 .igot.plt      0x00000000        0x0 /opt/Freescale/KDS_v3/toolchain/bin/../lib/gcc/arm-none-eabi/4.8.4/armv6-m/crtbegin.o
                0x1fffe068                . = ALIGN (0x4)

.bss            0x1fffe068     0x4b7c load address 0x00001da8
                0x1fffe068                __START_BSS = .
                0x1fffe068                PROVIDE (__bss_start__, __START_BSS)
 *(.bss)
 .bss           0x1fffe068       0x1c /opt/Freescale/KDS_v3/toolchain/bin/../lib/gcc/arm-none-eabi/4.8.4/armv6-m/crtbegin.o
 *(.bss*)
 .bss.DeviceDataPrv__DEFAULT_RTOS_ALLOC
                0x1fffe084        0x4 ./Generated_Code/BitIoLdd1.o
 .bss.DeviceDataPrv__DEFAULT_RTOS_ALLOC
                0x1fffe088        0x4 ./Generated_Code/BitIoLdd2.o
 .bss.PE_LDD_DeviceDataList
                0x1fffe08c        0x8 ./Generated_Code/PE_LDD.o
                0x1fffe08c                PE_LDD_DeviceDataList
 .bss.ucHeap    0x1fffe094     0x4a38 ./Generated_Code/heap_4.o
 .bss.xStart    0x20002acc        0x8 ./Generated_Code/heap_4.o
 .bss.pxEnd     0x20002ad4        0x4 ./Generated_Code/heap_4.o
 .bss.xFreeBytesRemaining
                0x20002ad8        0x4 ./Generated_Code/heap_4.o
 .bss.xMinimumEverFreeBytesRemaining
                0x20002adc        0x4 ./Generated_Code/heap_4.o
 .bss.xBlockAllocatedBit
                0x20002ae0        0x4 ./Generated_Code/heap_4.o
 .bss.pxCurrentTCB
                0x20002ae4        0x4 ./Generated_Code/tasks.o
                0x20002ae4                pxCurrentTCB
 .bss.pxReadyTasksLists
                0x20002ae8       0x78 ./Generated_Code/tasks.o
 .bss.xDelayedTaskList1
                0x20002b60       0x14 ./Generated_Code/tasks.o
 .bss.xDelayedTaskList2
                0x20002b74       0x14 ./Generated_Code/tasks.o
 .bss.pxDelayedTaskList
                0x20002b88        0x4 ./Generated_Code/tasks.o
 .bss.pxOverflowDelayedTaskList
                0x20002b8c        0x4 ./Generated_Code/tasks.o
 .bss.xPendingReadyList
                0x20002b90       0x14 ./Generated_Code/tasks.o
 .bss.xSuspendedTaskList
                0x20002ba4       0x14 ./Generated_Code/tasks.o
 .bss.uxCurrentNumberOfTasks
                0x20002bb8        0x4 ./Generated_Code/tasks.o
 .bss.xTickCount
                0x20002bbc        0x4 ./Generated_Code/tasks.o
 .bss.uxTopReadyPriority
                0x20002bc0        0x4 ./Generated_Code/tasks.o
 .bss.xSchedulerRunning
                0x20002bc4        0x4 ./Generated_Code/tasks.o
 .bss.uxPendedTicks
                0x20002bc8        0x4 ./Generated_Code/tasks.o
 .bss.xYieldPending
                0x20002bcc        0x4 ./Generated_Code/tasks.o
 .bss.xNumOfOverflows
                0x20002bd0        0x4 ./Generated_Code/tasks.o
 .bss.uxTaskNumber
                0x20002bd4        0x4 ./Generated_Code/tasks.o
 .bss.xNextTaskUnblockTime
                0x20002bd8        0x4 ./Generated_Code/tasks.o
 .bss.xIdleTaskHandle
                0x20002bdc        0x4 ./Generated_Code/tasks.o
 .bss.uxSchedulerSuspended
                0x20002be0        0x4 ./Generated_Code/tasks.o
 *(COMMON)
                0x20002be4                . = ALIGN (0x4)
                0x20002be4                __END_BSS = .
                0x20002be4                PROVIDE (__bss_end__, __END_BSS)
                0x00001da8                _romp_at = (___ROM_AT + SIZEOF (.data))

.romp           0x20002be4       0x18 load address 0x00001da8
                0x00001da8                __S_romp = _romp_at
                0x20002be4        0x4 LONG 0x1d40 ___ROM_AT
                0x20002be8        0x4 LONG 0x1fffe000 _sdata
                0x20002bec        0x4 LONG 0x68 ___data_size
                0x20002bf0        0x4 LONG 0x0
                0x20002bf4        0x4 LONG 0x0
                0x20002bf8        0x4 LONG 0x0
                0x00038000                text_end = (ORIGIN (m_text) + 0x37bf0)
                0x00001dc0                data_init_end = ((___ROM_AT + SIZEOF (.data)) + SIZEOF (.romp))
                0x00000001                ASSERT ((data_init_end <= text_end), region m_text overflowed with text and data)

._user_heap_stack
                0x20002bfc      0x400 load address 0x00001dc0
                0x20002bfc                . = ALIGN (0x4)
                0x20002bfc                PROVIDE (end, .)
                0x20002bfc                PROVIDE (_end, .)
                0x20002bfc                PROVIDE (__end__, .)
                0x20002bfc                __heap_addr = .
                0x20002bfc                __HeapBase = .
                0x20002bfc                . = (. + __heap_size)
                0x20002bfc                __HeapLimit = .
                0x20002ffc                . = (. + __stack_size)
 *fill*         0x20002bfc      0x400 
                0x20002ffc                . = ALIGN (0x4)

.ARM.attributes
                0x00000000       0x28
 *(.ARM.attributes)
 .ARM.attributes
                0x00000000       0x1e /opt/Freescale/KDS_v3/toolchain/bin/../lib/gcc/arm-none-eabi/4.8.4/armv6-m/crti.o
 .ARM.attributes
                0x0000001e       0x2c /opt/Freescale/KDS_v3/toolchain/bin/../lib/gcc/arm-none-eabi/4.8.4/armv6-m/crtbegin.o
 .ARM.attributes
                0x0000004a       0x1b /opt/Freescale/KDS_v3/toolchain/bin/../lib/gcc/arm-none-eabi/4.8.4/../../../../arm-none-eabi/lib/armv6-m/crt0.o
 .ARM.attributes
                0x00000065       0x32 ./Sources/Events.o
 .ARM.attributes
                0x00000097       0x32 ./Sources/frtos_tasks.o
 .ARM.attributes
                0x000000c9       0x32 ./Sources/main.o
 .ARM.attributes
                0x000000fb       0x32 ./Project_Settings/Startup_Code/startup.o
 .ARM.attributes
                0x0000012d       0x32 ./Generated_Code/BitIoLdd1.o
 .ARM.attributes
                0x0000015f       0x32 ./Generated_Code/BitIoLdd2.o
 .ARM.attributes
                0x00000191       0x32 ./Generated_Code/Cpu.o
 .ARM.attributes
                0x000001c3       0x32 ./Generated_Code/FRTOS1.o
 .ARM.attributes
                0x000001f5       0x32 ./Generated_Code/LED_GREEN.o
 .ARM.attributes
                0x00000227       0x32 ./Generated_Code/LED_RED.o
 .ARM.attributes
                0x00000259       0x32 ./Generated_Code/PE_LDD.o
 .ARM.attributes
                0x0000028b       0x32 ./Generated_Code/TSK1.o
 .ARM.attributes
                0x000002bd       0x32 ./Generated_Code/Vectors.o
 .ARM.attributes
                0x000002ef       0x32 ./Generated_Code/heap_4.o
 .ARM.attributes
                0x00000321       0x32 ./Generated_Code/list.o
 .ARM.attributes
                0x00000353       0x32 ./Generated_Code/port.o
 .ARM.attributes
                0x00000385       0x32 ./Generated_Code/tasks.o
 .ARM.attributes
                0x000003b7       0x2c /opt/Freescale/KDS_v3/toolchain/bin/../lib/gcc/arm-none-eabi/4.8.4/../../../../arm-none-eabi/lib/armv6-m/libg_s.a(lib_a-exit.o)
 .ARM.attributes
                0x000003e3       0x2c /opt/Freescale/KDS_v3/toolchain/bin/../lib/gcc/arm-none-eabi/4.8.4/../../../../arm-none-eabi/lib/armv6-m/libg_s.a(lib_a-impure.o)
 .ARM.attributes
                0x0000040f       0x2c /opt/Freescale/KDS_v3/toolchain/bin/../lib/gcc/arm-none-eabi/4.8.4/../../../../arm-none-eabi/lib/armv6-m/libg_s.a(lib_a-init.o)
 .ARM.attributes
                0x0000043b       0x2c /opt/Freescale/KDS_v3/toolchain/bin/../lib/gcc/arm-none-eabi/4.8.4/../../../../arm-none-eabi/lib/armv6-m/libg_s.a(lib_a-memset.o)
 .ARM.attributes
                0x00000467       0x2c /opt/Freescale/KDS_v3/toolchain/bin/../lib/gcc/arm-none-eabi/4.8.4/../../../../arm-none-eabi/lib/armv6-m/libnosys.a(_exit.o)
 .ARM.attributes
                0x00000493       0x1e /opt/Freescale/KDS_v3/toolchain/bin/../lib/gcc/arm-none-eabi/4.8.4/armv6-m/crtn.o
OUTPUT(HMI.elf elf32-littlearm)

.debug_info     0x00000000     0x3b14
 .debug_info    0x00000000      0x10e ./Sources/Events.o
 .debug_info    0x0000010e      0x12a ./Sources/frtos_tasks.o
 .debug_info    0x00000238       0x9a ./Sources/main.o
 .debug_info    0x000002d2      0x20a ./Project_Settings/Startup_Code/startup.o
 .debug_info    0x000004dc      0x372 ./Generated_Code/BitIoLdd1.o
 .debug_info    0x0000084e      0x372 ./Generated_Code/BitIoLdd2.o
 .debug_info    0x00000bc0      0xb25 ./Generated_Code/Cpu.o
 .debug_info    0x000016e5       0xd5 ./Generated_Code/FRTOS1.o
 .debug_info    0x000017ba      0x104 ./Generated_Code/LED_GREEN.o
 .debug_info    0x000018be      0x104 ./Generated_Code/LED_RED.o
 .debug_info    0x000019c2      0x251 ./Generated_Code/PE_LDD.o
 .debug_info    0x00001c13       0x96 ./Generated_Code/TSK1.o
 .debug_info    0x00001ca9      0x10e ./Generated_Code/Vectors.o
 .debug_info    0x00001db7      0x306 ./Generated_Code/heap_4.o
 .debug_info    0x000020bd      0x2a8 ./Generated_Code/list.o
 .debug_info    0x00002365      0x253 ./Generated_Code/port.o
 .debug_info    0x000025b8     0x155c ./Generated_Code/tasks.o

.debug_abbrev   0x00000000      0xfce
 .debug_abbrev  0x00000000       0x8b ./Sources/Events.o
 .debug_abbrev  0x0000008b       0xb8 ./Sources/frtos_tasks.o
 .debug_abbrev  0x00000143       0x47 ./Sources/main.o
 .debug_abbrev  0x0000018a      0x11e ./Project_Settings/Startup_Code/startup.o
 .debug_abbrev  0x000002a8      0x127 ./Generated_Code/BitIoLdd1.o
 .debug_abbrev  0x000003cf      0x127 ./Generated_Code/BitIoLdd2.o
 .debug_abbrev  0x000004f6      0x14f ./Generated_Code/Cpu.o
 .debug_abbrev  0x00000645       0x84 ./Generated_Code/FRTOS1.o
 .debug_abbrev  0x000006c9       0xc6 ./Generated_Code/LED_GREEN.o
 .debug_abbrev  0x0000078f       0xc6 ./Generated_Code/LED_RED.o
 .debug_abbrev  0x00000855      0x10d ./Generated_Code/PE_LDD.o
 .debug_abbrev  0x00000962       0x45 ./Generated_Code/TSK1.o
 .debug_abbrev  0x000009a7       0xa4 ./Generated_Code/Vectors.o
 .debug_abbrev  0x00000a4b      0x17c ./Generated_Code/heap_4.o
 .debug_abbrev  0x00000bc7       0xc1 ./Generated_Code/list.o
 .debug_abbrev  0x00000c88      0x10c ./Generated_Code/port.o
 .debug_abbrev  0x00000d94      0x23a ./Generated_Code/tasks.o

.debug_aranges  0x00000000      0x6b0
 .debug_aranges
                0x00000000       0x40 ./Sources/Events.o
 .debug_aranges
                0x00000040       0x28 ./Sources/frtos_tasks.o
 .debug_aranges
                0x00000068       0x20 ./Sources/main.o
 .debug_aranges
                0x00000088       0x50 ./Project_Settings/Startup_Code/startup.o
 .debug_aranges
                0x000000d8       0x40 ./Generated_Code/BitIoLdd1.o
 .debug_aranges
                0x00000118       0x40 ./Generated_Code/BitIoLdd2.o
 .debug_aranges
                0x00000158      0x180 ./Generated_Code/Cpu.o
 .debug_aranges
                0x000002d8       0x30 ./Generated_Code/FRTOS1.o
 .debug_aranges
                0x00000308       0x30 ./Generated_Code/LED_GREEN.o
 .debug_aranges
                0x00000338       0x30 ./Generated_Code/LED_RED.o
 .debug_aranges
                0x00000368       0x30 ./Generated_Code/PE_LDD.o
 .debug_aranges
                0x00000398       0x20 ./Generated_Code/TSK1.o
 .debug_aranges
                0x000003b8       0x18 ./Generated_Code/Vectors.o
 .debug_aranges
                0x000003d0       0x50 ./Generated_Code/heap_4.o
 .debug_aranges
                0x00000420       0x40 ./Generated_Code/list.o
 .debug_aranges
                0x00000460       0x90 ./Generated_Code/port.o
 .debug_aranges
                0x000004f0      0x1c0 ./Generated_Code/tasks.o

.debug_ranges   0x00000000      0x598
 .debug_ranges  0x00000000       0x30 ./Sources/Events.o
 .debug_ranges  0x00000030       0x18 ./Sources/frtos_tasks.o
 .debug_ranges  0x00000048       0x10 ./Sources/main.o
 .debug_ranges  0x00000058       0x40 ./Project_Settings/Startup_Code/startup.o
 .debug_ranges  0x00000098       0x30 ./Generated_Code/BitIoLdd1.o
 .debug_ranges  0x000000c8       0x30 ./Generated_Code/BitIoLdd2.o
 .debug_ranges  0x000000f8      0x170 ./Generated_Code/Cpu.o
 .debug_ranges  0x00000268       0x20 ./Generated_Code/FRTOS1.o
 .debug_ranges  0x00000288       0x20 ./Generated_Code/LED_GREEN.o
 .debug_ranges  0x000002a8       0x20 ./Generated_Code/LED_RED.o
 .debug_ranges  0x000002c8       0x20 ./Generated_Code/PE_LDD.o
 .debug_ranges  0x000002e8       0x10 ./Generated_Code/TSK1.o
 .debug_ranges  0x000002f8       0x40 ./Generated_Code/heap_4.o
 .debug_ranges  0x00000338       0x30 ./Generated_Code/list.o
 .debug_ranges  0x00000368       0x80 ./Generated_Code/port.o
 .debug_ranges  0x000003e8      0x1b0 ./Generated_Code/tasks.o

.debug_macro    0x00000000    0x19a17
 .debug_macro   0x00000000      0x2e1 ./Sources/Events.o
 .debug_macro   0x000002e1      0x802 ./Sources/Events.o
 .debug_macro   0x00000ae3       0x16 ./Sources/Events.o
 .debug_macro   0x00000af9       0x44 ./Sources/Events.o
 .debug_macro   0x00000b3d      0x209 ./Sources/Events.o
 .debug_macro   0x00000d46     0x1592 ./Sources/Events.o
 .debug_macro   0x000022d8      0x14e ./Sources/Events.o
 .debug_macro   0x00002426       0x64 ./Sources/Events.o
 .debug_macro   0x0000248a     0x9005 ./Sources/Events.o
 .debug_macro   0x0000b48f       0x94 ./Sources/Events.o
 .debug_macro   0x0000b523       0x5e ./Sources/Events.o
 .debug_macro   0x0000b581       0x94 ./Sources/Events.o
 .debug_macro   0x0000b615      0x12c ./Sources/Events.o
 .debug_macro   0x0000b741       0x40 ./Sources/Events.o
 .debug_macro   0x0000b781       0x1f ./Sources/Events.o
 .debug_macro   0x0000b7a0       0x41 ./Sources/Events.o
 .debug_macro   0x0000b7e1       0xd6 ./Sources/Events.o
 .debug_macro   0x0000b8b7       0x58 ./Sources/Events.o
 .debug_macro   0x0000b90f       0x35 ./Sources/Events.o
 .debug_macro   0x0000b944       0xa3 ./Sources/Events.o
 .debug_macro   0x0000b9e7      0x166 ./Sources/Events.o
 .debug_macro   0x0000bb4d       0x52 ./Sources/Events.o
 .debug_macro   0x0000bb9f       0x16 ./Sources/Events.o
 .debug_macro   0x0000bbb5       0x43 ./Sources/Events.o
 .debug_macro   0x0000bbf8      0x180 ./Sources/Events.o
 .debug_macro   0x0000bd78      0x2a6 ./Sources/Events.o
 .debug_macro   0x0000c01e       0x10 ./Sources/Events.o
 .debug_macro   0x0000c02e       0x35 ./Sources/Events.o
 .debug_macro   0x0000c063       0x19 ./Sources/Events.o
 .debug_macro   0x0000c07c      0x266 ./Sources/Events.o
 .debug_macro   0x0000c2e2      0x168 ./Sources/Events.o
 .debug_macro   0x0000c44a       0xe2 ./Sources/Events.o
 .debug_macro   0x0000c52c       0x10 ./Sources/Events.o
 .debug_macro   0x0000c53c       0x1f ./Sources/Events.o
 .debug_macro   0x0000c55b      0x36f ./Sources/Events.o
 .debug_macro   0x0000c8ca       0xc0 ./Sources/Events.o
 .debug_macro   0x0000c98a       0x8c ./Sources/Events.o
 .debug_macro   0x0000ca16       0x94 ./Sources/Events.o
 .debug_macro   0x0000caaa       0x7f ./Sources/Events.o
 .debug_macro   0x0000cb29       0x97 ./Sources/Events.o
 .debug_macro   0x0000cbc0       0x19 ./Sources/Events.o
 .debug_macro   0x0000cbd9      0x314 ./Sources/Events.o
 .debug_macro   0x0000ceed       0x46 ./Sources/Events.o
 .debug_macro   0x0000cf33       0x1f ./Sources/Events.o
 .debug_macro   0x0000cf52       0x41 ./Sources/Events.o
 .debug_macro   0x0000cf93      0x230 ./Sources/frtos_tasks.o
 .debug_macro   0x0000d1c3       0x9a ./Sources/frtos_tasks.o
 .debug_macro   0x0000d25d      0x2e1 ./Sources/main.o
 .debug_macro   0x0000d53e      0x121 ./Project_Settings/Startup_Code/startup.o
 .debug_macro   0x0000d65f       0x4a ./Project_Settings/Startup_Code/startup.o
 .debug_macro   0x0000d6a9       0x16 ./Project_Settings/Startup_Code/startup.o
 .debug_macro   0x0000d6bf       0x22 ./Project_Settings/Startup_Code/startup.o
 .debug_macro   0x0000d6e1       0x10 ./Project_Settings/Startup_Code/startup.o
 .debug_macro   0x0000d6f1      0x20f ./Project_Settings/Startup_Code/startup.o
 .debug_macro   0x0000d900     0x8ff9 ./Project_Settings/Startup_Code/startup.o
 .debug_macro   0x000168f9      0x11e ./Generated_Code/BitIoLdd1.o
 .debug_macro   0x00016a17     0x158c ./Generated_Code/BitIoLdd1.o
 .debug_macro   0x00017fa3      0x260 ./Generated_Code/BitIoLdd1.o
 .debug_macro   0x00018203      0x11e ./Generated_Code/BitIoLdd2.o
 .debug_macro   0x00018321       0x40 ./Generated_Code/BitIoLdd2.o
 .debug_macro   0x00018361      0x2f2 ./Generated_Code/Cpu.o
 .debug_macro   0x00018653      0x223 ./Generated_Code/FRTOS1.o
 .debug_macro   0x00018876       0x1c ./Generated_Code/FRTOS1.o
 .debug_macro   0x00018892       0xe1 ./Generated_Code/LED_GREEN.o
 .debug_macro   0x00018973       0xe1 ./Generated_Code/LED_RED.o
 .debug_macro   0x00018a54      0x2b4 ./Generated_Code/PE_LDD.o
 .debug_macro   0x00018d08      0x22c ./Generated_Code/TSK1.o
 .debug_macro   0x00018f34      0x2e9 ./Generated_Code/Vectors.o
 .debug_macro   0x0001921d      0x1c5 ./Generated_Code/heap_4.o
 .debug_macro   0x000193e2      0x192 ./Generated_Code/list.o
 .debug_macro   0x00019574      0x20f ./Generated_Code/port.o
 .debug_macro   0x00019783      0x284 ./Generated_Code/tasks.o
 .debug_macro   0x00019a07       0x10 ./Generated_Code/tasks.o

.debug_line     0x00000000     0x540b
 .debug_line    0x00000000      0x535 ./Sources/Events.o
 .debug_line    0x00000535      0x464 ./Sources/frtos_tasks.o
 .debug_line    0x00000999      0x4ed ./Sources/main.o
 .debug_line    0x00000e86      0x3b4 ./Project_Settings/Startup_Code/startup.o
 .debug_line    0x0000123a      0x355 ./Generated_Code/BitIoLdd1.o
 .debug_line    0x0000158f      0x354 ./Generated_Code/BitIoLdd2.o
 .debug_line    0x000018e3      0x92a ./Generated_Code/Cpu.o
 .debug_line    0x0000220d      0x41b ./Generated_Code/FRTOS1.o
 .debug_line    0x00002628      0x2c3 ./Generated_Code/LED_GREEN.o
 .debug_line    0x000028eb      0x2bd ./Generated_Code/LED_RED.o
 .debug_line    0x00002ba8      0x4f4 ./Generated_Code/PE_LDD.o
 .debug_line    0x0000309c      0x425 ./Generated_Code/TSK1.o
 .debug_line    0x000034c1      0x5ba ./Generated_Code/Vectors.o
 .debug_line    0x00003a7b      0x443 ./Generated_Code/heap_4.o
 .debug_line    0x00003ebe      0x39a ./Generated_Code/list.o
 .debug_line    0x00004258      0x3fe ./Generated_Code/port.o
 .debug_line    0x00004656      0xdb5 ./Generated_Code/tasks.o

.debug_str      0x00000000    0x452dd
 .debug_str     0x00000000    0x425ec ./Sources/Events.o
                              0x42afc (size before relaxing)
 .debug_str     0x000425ec       0x88 ./Sources/frtos_tasks.o
                              0x41540 (size before relaxing)
 .debug_str     0x00042674       0x17 ./Sources/main.o
                              0x42a52 (size before relaxing)
 .debug_str     0x0004268b      0x1a6 ./Project_Settings/Startup_Code/startup.o
                              0x32286 (size before relaxing)
 .debug_str     0x00042831      0x19a ./Generated_Code/BitIoLdd1.o
                              0x3b46c (size before relaxing)
 .debug_str     0x000429cb       0xa0 ./Generated_Code/BitIoLdd2.o
                              0x3b472 (size before relaxing)
 .debug_str     0x00042a6b      0x56c ./Generated_Code/Cpu.o
                              0x43009 (size before relaxing)
 .debug_str     0x00042fd7       0xf4 ./Generated_Code/FRTOS1.o
                              0x4157e (size before relaxing)
 .debug_str     0x000430cb       0x4f ./Generated_Code/LED_GREEN.o
                              0x37fab (size before relaxing)
 .debug_str     0x0004311a       0x38 ./Generated_Code/LED_RED.o
                              0x37f81 (size before relaxing)
 .debug_str     0x00043152      0x17e ./Generated_Code/PE_LDD.o
                              0x42c06 (size before relaxing)
 .debug_str     0x000432d0       0x2a ./Generated_Code/TSK1.o
                              0x414bb (size before relaxing)
 .debug_str     0x000432fa       0x1c ./Generated_Code/Vectors.o
                              0x42aa4 (size before relaxing)
 .debug_str     0x00043316      0x277 ./Generated_Code/heap_4.o
                              0x3c727 (size before relaxing)
 .debug_str     0x0004358d      0x124 ./Generated_Code/list.o
                              0x3c01b (size before relaxing)
 .debug_str     0x000436b1      0x922 ./Generated_Code/port.o
                              0x3bade (size before relaxing)
 .debug_str     0x00043fd3     0x130a ./Generated_Code/tasks.o
                              0x3f053 (size before relaxing)

.comment        0x00000000       0x70
 .comment       0x00000000       0x70 ./Sources/Events.o
                                 0x71 (size before relaxing)
 .comment       0x00000000       0x71 ./Sources/frtos_tasks.o
 .comment       0x00000000       0x71 ./Sources/main.o
 .comment       0x00000000       0x71 ./Project_Settings/Startup_Code/startup.o
 .comment       0x00000000       0x71 ./Generated_Code/BitIoLdd1.o
 .comment       0x00000000       0x71 ./Generated_Code/BitIoLdd2.o
 .comment       0x00000000       0x71 ./Generated_Code/Cpu.o
 .comment       0x00000000       0x71 ./Generated_Code/FRTOS1.o
 .comment       0x00000000       0x71 ./Generated_Code/LED_GREEN.o
 .comment       0x00000000       0x71 ./Generated_Code/LED_RED.o
 .comment       0x00000000       0x71 ./Generated_Code/PE_LDD.o
 .comment       0x00000000       0x71 ./Generated_Code/TSK1.o
 .comment       0x00000000       0x71 ./Generated_Code/Vectors.o
 .comment       0x00000000       0x71 ./Generated_Code/heap_4.o
 .comment       0x00000000       0x71 ./Generated_Code/list.o
 .comment       0x00000000       0x71 ./Generated_Code/port.o
 .comment       0x00000000       0x71 ./Generated_Code/tasks.o

.debug_frame    0x00000000     0x1478
 .debug_frame   0x00000000       0xa0 ./Sources/Events.o
 .debug_frame   0x000000a0       0x50 ./Sources/frtos_tasks.o
 .debug_frame   0x000000f0       0x2c ./Sources/main.o
 .debug_frame   0x0000011c       0xd0 ./Project_Settings/Startup_Code/startup.o
 .debug_frame   0x000001ec       0xb0 ./Generated_Code/BitIoLdd1.o
 .debug_frame   0x0000029c       0xb0 ./Generated_Code/BitIoLdd2.o
 .debug_frame   0x0000034c      0x4fc ./Generated_Code/Cpu.o
 .debug_frame   0x00000848       0x64 ./Generated_Code/FRTOS1.o
 .debug_frame   0x000008ac       0x68 ./Generated_Code/LED_GREEN.o
 .debug_frame   0x00000914       0x68 ./Generated_Code/LED_RED.o
 .debug_frame   0x0000097c       0x6c ./Generated_Code/PE_LDD.o
 .debug_frame   0x000009e8       0x2c ./Generated_Code/TSK1.o
 .debug_frame   0x00000a14       0xe4 ./Generated_Code/heap_4.o
 .debug_frame   0x00000af8       0xb0 ./Generated_Code/list.o
 .debug_frame   0x00000ba8      0x1a4 ./Generated_Code/port.o
 .debug_frame   0x00000d4c      0x698 ./Generated_Code/tasks.o
 .debug_frame   0x000013e4       0x28 /opt/Freescale/KDS_v3/toolchain/bin/../lib/gcc/arm-none-eabi/4.8.4/../../../../arm-none-eabi/lib/armv6-m/libg_s.a(lib_a-exit.o)
 .debug_frame   0x0000140c       0x2c /opt/Freescale/KDS_v3/toolchain/bin/../lib/gcc/arm-none-eabi/4.8.4/../../../../arm-none-eabi/lib/armv6-m/libg_s.a(lib_a-init.o)
 .debug_frame   0x00001438       0x20 /opt/Freescale/KDS_v3/toolchain/bin/../lib/gcc/arm-none-eabi/4.8.4/../../../../arm-none-eabi/lib/armv6-m/libg_s.a(lib_a-memset.o)
 .debug_frame   0x00001458       0x20 /opt/Freescale/KDS_v3/toolchain/bin/../lib/gcc/arm-none-eabi/4.8.4/../../../../arm-none-eabi/lib/armv6-m/libnosys.a(_exit.o)
